[2025-12-13T10:25:34.432Z] setupWatcher called: debounceSeconds=30, workspace=/Users/beingfluid/beingfluid.github.io
[2025-12-13T10:25:34.432Z] Watcher created for: /Users/beingfluid/beingfluid.github.io
[2025-12-13T10:26:02.549Z] setupWatcher called: debounceSeconds=30, workspace=/Users/beingfluid/beingfluid.github.io
[2025-12-13T10:26:02.551Z] Watcher created for: /Users/beingfluid/beingfluid.github.io
[2025-12-13T10:26:02.808Z] setupWatcher called: debounceSeconds=30, workspace=/Users/beingfluid/beingfluid.github.io
[2025-12-13T10:26:02.808Z] Watcher created for: /Users/beingfluid/beingfluid.github.io
[2025-12-13T10:27:54.987Z] setupWatcher called: debounceSeconds=30, workspace=/Users/beingfluid/beingfluid.github.io
[2025-12-13T10:27:54.988Z] Watcher created for: /Users/beingfluid/beingfluid.github.io
[2025-12-13T10:28:12.728Z] File change detected: /Users/beingfluid/beingfluid.github.io/.DS_Store
[2025-12-13T10:28:12.731Z]   EXCLUDED: system/hidden file (.DS_Store)
[2025-12-13T10:28:32.608Z] File change detected: /Users/beingfluid/beingfluid.github.io/.git/FETCH_HEAD
[2025-12-13T10:28:32.608Z]   Relative path: /.git/FETCH_HEAD
[2025-12-13T10:28:32.608Z]   Path parts (2): [".git","FETCH_HEAD"]
[2025-12-13T10:28:32.608Z]   EXCLUDED: not deep enough (2 < 3)
[2025-12-13T10:28:33.541Z] File change detected: /Users/beingfluid/beingfluid.github.io/.git/FETCH_HEAD
[2025-12-13T10:28:33.541Z]   Relative path: /.git/FETCH_HEAD
[2025-12-13T10:28:33.541Z]   Path parts (2): [".git","FETCH_HEAD"]
[2025-12-13T10:28:33.541Z]   EXCLUDED: not deep enough (2 < 3)
[2025-12-13T10:28:34.646Z] File change detected: /Users/beingfluid/beingfluid.github.io/README.txt.git
[2025-12-13T10:28:34.646Z]   Relative path: /README.txt.git
[2025-12-13T10:28:34.646Z]   Path parts (1): ["README.txt.git"]
[2025-12-13T10:28:34.646Z]   EXCLUDED: not deep enough (1 < 3)
[2025-12-13T10:28:34.646Z] File change detected: /Users/beingfluid/beingfluid.github.io/package.json.git
[2025-12-13T10:28:34.646Z]   Relative path: /package.json.git
[2025-12-13T10:28:34.646Z]   Path parts (1): ["package.json.git"]
[2025-12-13T10:28:34.646Z]   EXCLUDED: not deep enough (1 < 3)
[2025-12-13T10:28:34.646Z] File change detected: /Users/beingfluid/beingfluid.github.io/service-now.md.git
[2025-12-13T10:28:34.646Z]   Relative path: /service-now.md.git
[2025-12-13T10:28:34.646Z]   Path parts (1): ["service-now.md.git"]
[2025-12-13T10:28:34.646Z]   EXCLUDED: not deep enough (1 < 3)
[2025-12-13T10:28:34.646Z] File change detected: /Users/beingfluid/beingfluid.github.io/scrum.md.git
[2025-12-13T10:28:34.646Z]   Relative path: /scrum.md.git
[2025-12-13T10:28:34.646Z]   Path parts (1): ["scrum.md.git"]
[2025-12-13T10:28:34.646Z]   EXCLUDED: not deep enough (1 < 3)
[2025-12-13T10:28:34.646Z] File change detected: /Users/beingfluid/beingfluid.github.io/honors.html.git
[2025-12-13T10:28:34.646Z]   Relative path: /honors.html.git
[2025-12-13T10:28:34.646Z]   Path parts (1): ["honors.html.git"]
[2025-12-13T10:28:34.646Z]   EXCLUDED: not deep enough (1 < 3)
[2025-12-13T10:28:34.646Z] File change detected: /Users/beingfluid/beingfluid.github.io/_certifications/cad.html.git
[2025-12-13T10:28:34.646Z]   Relative path: /_certifications/cad.html.git
[2025-12-13T10:28:34.646Z]   Path parts (2): ["_certifications","cad.html.git"]
[2025-12-13T10:28:34.647Z]   EXCLUDED: not deep enough (2 < 3)
[2025-12-13T10:28:34.647Z] File change detected: /Users/beingfluid/beingfluid.github.io/_certifications/ciscsm.html.git
[2025-12-13T10:28:34.647Z]   Relative path: /_certifications/ciscsm.html.git
[2025-12-13T10:28:34.647Z]   Path parts (2): ["_certifications","ciscsm.html.git"]
[2025-12-13T10:28:34.647Z]   EXCLUDED: not deep enough (2 < 3)
[2025-12-13T10:28:34.647Z] File change detected: /Users/beingfluid/beingfluid.github.io/_certifications/cishr.html.git
[2025-12-13T10:28:34.647Z]   Relative path: /_certifications/cishr.html.git
[2025-12-13T10:28:34.647Z]   Path parts (2): ["_certifications","cishr.html.git"]
[2025-12-13T10:28:34.647Z]   EXCLUDED: not deep enough (2 < 3)
[2025-12-13T10:28:57.746Z] setupWatcher called: debounceSeconds=30, workspace=/Users/beingfluid/beingfluid.github.io
[2025-12-13T10:28:57.747Z] Watcher created for: /Users/beingfluid/beingfluid.github.io
